
> cleargains@0.1.0 build
> next build

▲ Next.js 16.2.2 (Turbopack)
- Environments: .env.local

  Creating an optimized production build ...
✓ Compiled successfully in 1880ms
  Running TypeScript ...
  Finished TypeScript in 2.5s ...
  Collecting page data using 19 workers ...
  Generating static pages using 19 workers (0/30) ...
  Generating static pages using 19 workers (7/30) 
  Generating static pages using 19 workers (14/30) 
  Generating static pages using 19 workers (22/30) 
✓ Generating static pages using 19 workers (30/30) in 336ms
  Finalizing page optimization ...

Route (app)
┌ ○ /
├ ○ /_not-found
├ ƒ /api/ai-scanner
├ ƒ /api/auth/login
├ ƒ /api/auth/logout
├ ƒ /api/demo-trader/prices
├ ƒ /api/demo-trader/signals
├ ƒ /api/fx-rates
├ ƒ /api/news/[symbol]
├ ƒ /api/push/send
├ ƒ /api/push/subscribe
├ ƒ /api/t212/connect
├ ƒ /api/t212/instruments
├ ƒ /api/t212/live-order
├ ƒ /api/t212/orders
├ ƒ /api/t212/sync
├ ○ /cgt
├ ○ /dashboard
├ ○ /deadlines
├ ○ /demo-trader
├ ○ /help
├ ○ /ledger
├ ○ /login
├ ○ /onboarding
├ ○ /risk
├ ○ /scanner
├ ○ /settings
├ ○ /tax-calculator
└ ○ /tax-guides


ƒ Proxy (Middleware)

○  (Static)   prerendered as static content
ƒ  (Dynamic)  server-rendered on demand

